Bonnie,Raitt,CREDIT_30
Buck,Owens,CREDIT_60
Chet,Atkins,CREDIT_30
Glen,Campbell,CREDIT_60
Janis,Joplin,CREDIT_90
Jerry,Reed,CREDIT_30
John,Hiatt,CREDIT_90
Johnny,Cash,CASH
June,Carter,CASH
Lucinda,Williams,CREDIT_30
Merle,Haggard,CASH
Patsy,Cline,CREDIT_30
Patty,Larkin,CREDIT_30
Roy,Clark,CREDIT_60
